// Jest Snapshot v1, https://goo.gl/fbAQLP

exports[`<Form /> renders properly 1`] = `
<form
  onSubmit={[Function]}
>
  <input
    onChange={[Function]}
    type="text"
  />
  <button
    type="submit"
  >
     Update | 
  </button>
</form>
`;
